[0m17:08:11.788161 [debug] [MainThread]: Sending event: {'category': 'dbt', 'action': 'invocation', 'label': 'start', 'context': [<snowplow_tracker.self_describing_json.SelfDescribingJson object at 0x743c2647f590>, <snowplow_tracker.self_describing_json.SelfDescribingJson object at 0x743c26457d10>, <snowplow_tracker.self_describing_json.SelfDescribingJson object at 0x743c264b5210>]}


============================== 17:08:11.791575 | 55d6b82b-18e4-4639-a5fb-f4938a8e2784 ==============================
[0m17:08:11.791575 [info ] [MainThread]: Running with dbt=1.5.2
[0m17:08:11.792764 [debug] [MainThread]: running dbt with arguments {'version_check': 'True', 'quiet': 'False', 'warn_error_options': 'WarnErrorOptions(include=[], exclude=[])', 'printer_width': '80', 'target_path': 'None', 'indirect_selection': 'eager', 'send_anonymous_usage_stats': 'True', 'use_colors': 'True', 'static_parser': 'True', 'log_cache_events': 'False', 'log_path': 'logs', 'profiles_dir': '/home/ubuntu/.dbt', 'warn_error': 'None', 'introspect': 'True', 'cache_selected_only': 'False', 'write_json': 'True', 'partial_parse': 'True', 'use_experimental_parser': 'False', 'no_print': 'None', 'debug': 'False', 'fail_fast': 'False', 'log_format': 'default'}
[0m17:08:11.793149 [info ] [MainThread]: dbt version: 1.5.2
[0m17:08:11.793529 [info ] [MainThread]: python version: 3.11.11
[0m17:08:11.793941 [info ] [MainThread]: python path: /home/ubuntu/dbt_env/bin/python3.11
[0m17:08:11.794350 [info ] [MainThread]: os info: Linux-6.8.0-1024-aws-x86_64-with-glibc2.39
[0m17:08:11.794758 [info ] [MainThread]: Using profiles.yml file at /home/ubuntu/.dbt/profiles.yml
[0m17:08:11.795170 [info ] [MainThread]: Using dbt_project.yml file at /home/ubuntu/SP25_DS5111_cbv6gd/dbt_project.yml
[0m17:08:11.795459 [info ] [MainThread]: Configuration:
[0m17:08:11.978680 [info ] [MainThread]:   profiles.yml file [[32mOK found and valid[0m]
[0m17:08:11.979137 [info ] [MainThread]:   dbt_project.yml file [[31mERROR not found[0m]
[0m17:08:11.979552 [info ] [MainThread]: Required dependencies:
[0m17:08:11.979958 [debug] [MainThread]: Executing "git --help"
[0m17:08:11.981830 [debug] [MainThread]: STDOUT: "b"usage: git [-v | --version] [-h | --help] [-C <path>] [-c <name>=<value>]\n           [--exec-path[=<path>]] [--html-path] [--man-path] [--info-path]\n           [-p | --paginate | -P | --no-pager] [--no-replace-objects] [--bare]\n           [--git-dir=<path>] [--work-tree=<path>] [--namespace=<name>]\n           [--config-env=<name>=<envvar>] <command> [<args>]\n\nThese are common Git commands used in various situations:\n\nstart a working area (see also: git help tutorial)\n   clone     Clone a repository into a new directory\n   init      Create an empty Git repository or reinitialize an existing one\n\nwork on the current change (see also: git help everyday)\n   add       Add file contents to the index\n   mv        Move or rename a file, a directory, or a symlink\n   restore   Restore working tree files\n   rm        Remove files from the working tree and from the index\n\nexamine the history and state (see also: git help revisions)\n   bisect    Use binary search to find the commit that introduced a bug\n   diff      Show changes between commits, commit and working tree, etc\n   grep      Print lines matching a pattern\n   log       Show commit logs\n   show      Show various types of objects\n   status    Show the working tree status\n\ngrow, mark and tweak your common history\n   branch    List, create, or delete branches\n   commit    Record changes to the repository\n   merge     Join two or more development histories together\n   rebase    Reapply commits on top of another base tip\n   reset     Reset current HEAD to the specified state\n   switch    Switch branches\n   tag       Create, list, delete or verify a tag object signed with GPG\n\ncollaborate (see also: git help workflows)\n   fetch     Download objects and refs from another repository\n   pull      Fetch from and integrate with another repository or a local branch\n   push      Update remote refs along with associated objects\n\n'git help -a' and 'git help -g' list available subcommands and some\nconcept guides. See 'git help <command>' or 'git help <concept>'\nto read about a specific subcommand or concept.\nSee 'git help git' for an overview of the system.\n""
[0m17:08:11.982131 [debug] [MainThread]: STDERR: "b''"
[0m17:08:11.982315 [info ] [MainThread]:  - git [[32mOK found[0m]

[0m17:08:11.983814 [info ] [MainThread]: Connection:
[0m17:08:11.984095 [info ] [MainThread]:   account: rja95216
[0m17:08:11.984333 [info ] [MainThread]:   user: cbv6gd@virginia.edu
[0m17:08:11.984721 [info ] [MainThread]:   database: DATA_SCIENCE
[0m17:08:11.984977 [info ] [MainThread]:   schema: cbv6gd
[0m17:08:11.985298 [info ] [MainThread]:   warehouse: COMPUTE_WH
[0m17:08:11.985589 [info ] [MainThread]:   role: DS5111_DBT
[0m17:08:11.986034 [info ] [MainThread]:   client_session_keep_alive: False
[0m17:08:11.986382 [info ] [MainThread]:   query_tag: None
[0m17:08:11.986838 [info ] [MainThread]: Registered adapter: snowflake=1.5.2
[0m17:08:11.987700 [debug] [MainThread]: Acquiring new snowflake connection 'debug'
[0m17:08:11.988183 [debug] [MainThread]: Using snowflake connection "debug"
[0m17:08:11.988392 [debug] [MainThread]: On debug: select 1 as id
[0m17:08:11.988607 [debug] [MainThread]: Opening a new connection, currently in state init
[0m17:08:12.554860 [debug] [MainThread]: SQL status: SUCCESS 1 in 1.0 seconds
[0m17:08:12.555761 [debug] [MainThread]: On debug: Close
[0m17:08:12.732436 [info ] [MainThread]:   Connection test: [[32mOK connection ok[0m]

[0m17:08:12.733199 [info ] [MainThread]: [31m1 check failed:[0m
[0m17:08:12.733422 [info ] [MainThread]: Could not load dbt_project.yml

[0m17:08:12.734041 [debug] [MainThread]: Command `dbt debug` failed at 17:08:12.733937 after 0.95 seconds
[0m17:08:12.734340 [debug] [MainThread]: Connection 'debug' was properly closed.
[0m17:08:12.734577 [debug] [MainThread]: Sending event: {'category': 'dbt', 'action': 'invocation', 'label': 'end', 'context': [<snowplow_tracker.self_describing_json.SelfDescribingJson object at 0x743c25c7d150>, <snowplow_tracker.self_describing_json.SelfDescribingJson object at 0x743c25daa510>, <snowplow_tracker.self_describing_json.SelfDescribingJson object at 0x743c26278110>]}
[0m17:08:12.734835 [debug] [MainThread]: Flushing usage events
